[INFO] Scanning for projects...
[INFO] ------------------------------------------------------------------------
[INFO] Reactor Build Order:
[INFO] 
[INFO] SafeNET                                                            [pom]
[INFO] safe-net-core                                                      [jar]
[INFO] safe-net-folia                                                     [jar]
[INFO] 
[INFO] -----------------------< dev.dejvokep:safe-net >------------------------
[INFO] Building SafeNET 4.1                                               [1/3]
[INFO]   from pom.xml
[INFO] --------------------------------[ pom ]---------------------------------
[INFO] 
[INFO] --- clean:3.2.0:clean (default-clean) @ safe-net ---
[INFO] 
[INFO] --- license:4.1:format (check-headers) @ safe-net ---
[INFO] Updating license headers...
[INFO] 
[INFO] --- install:3.1.2:install (default-install) @ safe-net ---
[INFO] Installing D:\plugin\github\safe-net-folia\pom.xml to C:\Users\MSI\.m2\repository\dev\dejvokep\safe-net\4.1\safe-net-4.1.pom
[INFO] 
[INFO] ---------------------< dev.dejvokep:safe-net-core >---------------------
[INFO] Building safe-net-core 4.1                                         [2/3]
[INFO]   from safe-net-core\pom.xml
[INFO] --------------------------------[ jar ]---------------------------------
[INFO] 
[INFO] --- clean:3.2.0:clean (default-clean) @ safe-net-core ---
[INFO] Deleting D:\plugin\github\safe-net-folia\safe-net-core\target
[INFO] 
[INFO] --- license:4.1:format (check-headers) @ safe-net-core ---
[INFO] Updating license headers...
[INFO] 
[INFO] --- resources:3.3.1:resources (default-resources) @ safe-net-core ---
[INFO] skip non existing resourceDirectory D:\plugin\github\safe-net-folia\safe-net-core\src\main\resources
[INFO] 
[INFO] --- compiler:3.8.1:compile (default-compile) @ safe-net-core ---
[INFO] Changes detected - recompiling the module!
[INFO] Compiling 2 source files to D:\plugin\github\safe-net-folia\safe-net-core\target\classes
[INFO] 
[INFO] --- resources:3.3.1:testResources (default-testResources) @ safe-net-core ---
[INFO] skip non existing resourceDirectory D:\plugin\github\safe-net-folia\safe-net-core\src\test\resources
[INFO] 
[INFO] --- compiler:3.8.1:testCompile (default-testCompile) @ safe-net-core ---
[INFO] No sources to compile
[INFO] 
[INFO] --- surefire:3.2.5:test (default-test) @ safe-net-core ---
[INFO] No tests to run.
[INFO] 
[INFO] --- jar:3.4.1:jar (default-jar) @ safe-net-core ---
[INFO] Building jar: D:\plugin\github\safe-net-folia\safe-net-core\target\safe-net-core-4.1.jar
[INFO] 
[INFO] --- shade:3.2.4:shade (default) @ safe-net-core ---
[INFO] Including com.google.code.gson:gson:jar:2.9.0 in the shaded jar.
[WARNING] gson-2.9.0.jar, safe-net-core-4.1.jar define 1 overlapping resource: 
[WARNING]   - META-INF/MANIFEST.MF
[WARNING] maven-shade-plugin has detected that some class files are
[WARNING] present in two or more JARs. When this happens, only one
[WARNING] single version of the class is copied to the uber jar.
[WARNING] Usually this is not harmful and you can skip these warnings,
[WARNING] otherwise try to manually exclude artifacts based on
[WARNING] mvn dependency:tree -Ddetail=true and the above output.
[WARNING] See http://maven.apache.org/plugins/maven-shade-plugin/
[INFO] Replacing original artifact with shaded artifact.
[INFO] Replacing D:\plugin\github\safe-net-folia\safe-net-core\target\safe-net-core-4.1.jar with D:\plugin\github\safe-net-folia\safe-net-core\target\safe-net-core-4.1-shaded.jar
[INFO] Dependency-reduced POM written at: D:\plugin\github\safe-net-folia\safe-net-core\dependency-reduced-pom.xml
[INFO] 
[INFO] --- install:3.1.2:install (default-install) @ safe-net-core ---
[INFO] Installing D:\plugin\github\safe-net-folia\safe-net-core\dependency-reduced-pom.xml to C:\Users\MSI\.m2\repository\dev\dejvokep\safe-net-core\4.1\safe-net-core-4.1.pom
[INFO] Installing D:\plugin\github\safe-net-folia\safe-net-core\target\safe-net-core-4.1.jar to C:\Users\MSI\.m2\repository\dev\dejvokep\safe-net-core\4.1\safe-net-core-4.1.jar
[INFO] 
[INFO] --------------------< dev.dejvokep:safe-net-folia >---------------------
[INFO] Building safe-net-folia 4.1                                        [3/3]
[INFO]   from safe-net-folia\pom.xml
[INFO] --------------------------------[ jar ]---------------------------------
[INFO] 
[INFO] --- clean:3.2.0:clean (default-clean) @ safe-net-folia ---
[INFO] Deleting D:\plugin\github\safe-net-folia\safe-net-folia\target
[INFO] 
[INFO] --- license:4.1:format (check-headers) @ safe-net-folia ---
[INFO] Updating license headers...
[INFO] Updating license header in: D:/plugin/github/safe-net-folia/safe-net-folia/src/main/java/dev/dejvokep/safenet/folia/SafeNetFolia.java
[INFO] 
[INFO] --- resources:3.3.1:resources (default-resources) @ safe-net-folia ---
[INFO] Copying 2 resources from src\main\resources to target\classes
[INFO] 
[INFO] --- compiler:3.8.1:compile (default-compile) @ safe-net-folia ---
[INFO] Changes detected - recompiling the module!
[INFO] Compiling 11 source files to D:\plugin\github\safe-net-folia\safe-net-folia\target\classes
[INFO] /D:/plugin/github/safe-net-folia/safe-net-folia/src/main/java/dev/dejvokep/safenet/folia/command/PluginCommand.java: Some input files use or override a deprecated API.
[INFO] /D:/plugin/github/safe-net-folia/safe-net-folia/src/main/java/dev/dejvokep/safenet/folia/command/PluginCommand.java: Recompile with -Xlint:deprecation for details.
[INFO] 
[INFO] --- resources:3.3.1:testResources (default-testResources) @ safe-net-folia ---
[INFO] skip non existing resourceDirectory D:\plugin\github\safe-net-folia\safe-net-folia\src\test\resources
[INFO] 
[INFO] --- compiler:3.8.1:testCompile (default-testCompile) @ safe-net-folia ---
[INFO] No sources to compile
[INFO] 
[INFO] --- surefire:3.2.5:test (default-test) @ safe-net-folia ---
[INFO] No tests to run.
[INFO] 
[INFO] --- jar:3.4.1:jar (default-jar) @ safe-net-folia ---
[INFO] Building jar: D:\plugin\github\safe-net-folia\safe-net-folia\target\safe-net-folia-4.1.jar
[INFO] 
[INFO] --- install:3.1.2:install (default-install) @ safe-net-folia ---
[INFO] Installing D:\plugin\github\safe-net-folia\safe-net-folia\pom.xml to C:\Users\MSI\.m2\repository\dev\dejvokep\safe-net-folia\4.1\safe-net-folia-4.1.pom
[INFO] Installing D:\plugin\github\safe-net-folia\safe-net-folia\target\safe-net-folia-4.1.jar to C:\Users\MSI\.m2\repository\dev\dejvokep\safe-net-folia\4.1\safe-net-folia-4.1.jar
[INFO] ------------------------------------------------------------------------
[INFO] Reactor Summary for SafeNET 4.1:
[INFO] 
[INFO] SafeNET ............................................ SUCCESS [  1.059 s]
[INFO] safe-net-core ...................................... SUCCESS [  2.924 s]
[INFO] safe-net-folia ..................................... SUCCESS [  1.848 s]
[INFO] ------------------------------------------------------------------------
[INFO] BUILD SUCCESS
[INFO] ------------------------------------------------------------------------
[INFO] Total time:  5.998 s
[INFO] Finished at: 2026-02-05T19:32:11+03:00
[INFO] ------------------------------------------------------------------------
